// Jest Snapshot v1, https://goo.gl/fbAQLP

exports[`should render Footer correctly 1`] = `
<footer>
  <p>
    Spotify App © - César Rivas
  </p>
</footer>
`;
